// Jest Snapshot v1, https://goo.gl/fbAQLP

exports[`Avatar renders correctly 1`] = `
<View
  style={
    Array [
      undefined,
      Object {
        "position": "relative",
      },
    ]
  }
>
  <View
    accessible={true}
    isTVSelectable={true}
    onResponderGrant={[Function]}
    onResponderMove={[Function]}
    onResponderRelease={[Function]}
    onResponderTerminate={[Function]}
    onResponderTerminationRequest={[Function]}
    onStartShouldSetResponder={[Function]}
    style={
      Object {
        "backgroundColor": "#2E88FF",
        "borderRadius": 30,
        "height": 60,
        "opacity": 1,
        "width": 60,
      }
    }
  >
    <Text
      accessible={true}
      allowFontScaling={true}
      ellipsizeMode="tail"
      style={
        Array [
          Object {
            "fontFamily": "OpenSans-Regular",
          },
          null,
        ]
      }
    >
      
    </Text>
  </View>
</View>
`;
