// Jest Snapshot v1, https://goo.gl/fbAQLP

exports[`Screen renders correctly 1`] = `
<BVLinearGradient
  colors={
    Array [
      4293914607,
      4293914607,
    ]
  }
  locations={
    Array [
      0,
      1,
    ]
  }
  style={
    Object {
      "flex": 1,
    }
  }
>
  <RCTSafeAreaView
    style={
      Object {
        "flex": 1,
      }
    }
  >
    <View
      onLayout={[Function]}
    >
       hello 
    </View>
  </RCTSafeAreaView>
</BVLinearGradient>
`;
